error[E0412]: cannot find type `Bar` in this scope
 --> <macro expansion>:1:1
  |
1 | #[belongs_to(Bar)]
  | ^ not found in this scope

error: aborting due to previous error

