error: Cannot derive Insertable for unit structs
  --> $DIR/insertable_empty_struct.rs:10:10
   |
10 | #[derive(Insertable)]
   |          ^^^^^^^^^^
   |
   = help: Use `insert_into(users::table).default_values()` if you want `DEFAULT VALUES`

error: aborting due to previous error

